Map.Entry,HashMap,ArrayList,Event,List,Object,EventListener,Method,Map,IllegalArgumentException,InvocationTargetException,IllegalAccessException,
TYPE_8,TYPE_4,TYPE_6,TYPE_5,TYPE_3,TYPE_7,TYPE_2,TYPE_9,TYPE_1,TYPE_11,TYPE_12,TYPE_10,
getClass,emitEvent,handleEvent,isAnnotationPresent,values,emitReflectionEvent,invoke,error,put,remove,get,value,getKey,entrySet,containsKey,unregister,getMessage,getValue,contains,size,getType,getAnnotation,isRegistered,getSimpleName,getMethods,register,
METHOD_18,METHOD_11,METHOD_17,METHOD_20,METHOD_4,METHOD_16,METHOD_23,METHOD_24,METHOD_5,METHOD_8,METHOD_3,METHOD_22,METHOD_13,METHOD_12,METHOD_2,METHOD_6,METHOD_26,METHOD_14,METHOD_10,METHOD_7,METHOD_15,METHOD_21,METHOD_9,METHOD_25,METHOD_19,METHOD_1,
method,e,length,attachedObjects,java.util.HashMap,com.badlogic.gdx.Gdx,eventType,type,list,EventRoute.,java.lang.reflect.InvocationTargetException,java.util.ArrayList,target,de.verygame.square.core,entry,java.util.List,EventEmitter,java.util.Map,de.verygame.square.core.event.Event,sendEvent,attached,java.lang.reflect.Method,Gdx.app,
VAR_20,VAR_22,VAR_13,VAR_15,VAR_6,VAR_2,VAR_14,VAR_11,VAR_12,VAR_21,VAR_3,VAR_5,VAR_18,VAR_1,VAR_16,VAR_7,VAR_10,VAR_8,VAR_9,VAR_17,VAR_19,VAR_4,VAR_23,




1,
INT_1,
" has occurred. Reason: ","An ",
STRING_2,STRING_1,
